

================================================================
== Synthesis Summary Report of 'fir'
================================================================
+ General Information: 
    * Date:           Tue Oct  6 13:31:09 2026
    * Version:        2025.1 (Build 6135595 on May 21 2025)
    * Project:        prj_synth_w32
    * Solution:       solution1 (Vivado IP Flow Target)
    * Product family: zynq
    * Target device:  xc7z020-clg400-1
    

+ Performance & Resource Estimates: 
    
    PS: '+' for module; 'o' for loop; '*' for dataflow
    +----------------------------------+------+------+---------+-----------+----------+---------+------+----------+------+----------+-----------+------------+-----+
    |              Modules             | Issue|      |       Latency       | Iteration|         | Trip |          |      |          |           |            |     |
    |              & Loops             | Type | Slack| (cycles)|    (ns)   |  Latency | Interval| Count| Pipelined| BRAM |    DSP   |     FF    |     LUT    | URAM|
    +----------------------------------+------+------+---------+-----------+----------+---------+------+----------+------+----------+-----------+------------+-----+
    |+ fir                             |     -|  0.44|        -|          -|         -|        -|     -|        no|     -|  64 (29%)|  5708 (5%)|  5982 (11%)|    -|
    | + fir_Pipeline_VITIS_LOOP_244_4  |     -|  2.34|       33|    330.000|         -|       32|     -|    rewind|     -|         -|    7 (~0%)|    53 (~0%)|    -|
    |  o VITIS_LOOP_244_4              |     -|  7.30|       31|    310.000|         1|        1|    31|       yes|     -|         -|          -|           -|    -|
    | + fir_Pipeline_DISCARD           |     -|  5.71|        -|          -|         -|        0|     -|    rewind|     -|         -|    2 (~0%)|    20 (~0%)|    -|
    |  o DISCARD                       |     -|  7.30|        -|          -|         1|        1|     -|       yes|     -|         -|          -|           -|    -|
    | + fir_Pipeline_PROCESS           |     -|  0.44|      522|  5.220e+03|         -|      522|     -|        no|     -|  64 (29%)|  3568 (3%)|   3442 (6%)|    -|
    |  o PROCESS                       |     -|  7.30|      519|  5.190e+03|         9|        1|   512|       yes|     -|         -|          -|           -|    -|
    | + fir_Pipeline_DISCARD3          |     -|  5.71|        -|          -|         -|        0|     -|    rewind|     -|         -|    2 (~0%)|    20 (~0%)|    -|
    |  o DISCARD                       |     -|  7.30|        -|          -|         1|        1|     -|       yes|     -|         -|          -|           -|    -|
    | + fir_Pipeline_VITIS_LOOP_265_5  |     -|  2.34|       33|    330.000|         -|       32|     -|    rewind|     -|         -|    7 (~0%)|    53 (~0%)|    -|
    |  o VITIS_LOOP_265_5              |     -|  7.30|       31|    310.000|         1|        1|    31|       yes|     -|         -|          -|           -|    -|
    | + fir_Pipeline_DISCARD2          |     -|  5.71|        -|          -|         -|        0|     -|    rewind|     -|         -|    2 (~0%)|    20 (~0%)|    -|
    |  o DISCARD                       |     -|  7.30|        -|          -|         1|        1|     -|       yes|     -|         -|          -|           -|    -|
    | + fir_Pipeline_LOAD              |     -|  0.56|       19|    190.000|         -|       17|     -|    rewind|     -|         -|  636 (~0%)|    734 (1%)|    -|
    |  o LOAD                          |     -|  7.30|       17|    170.000|         2|        1|    16|       yes|     -|         -|          -|           -|    -|
    | + fir_Pipeline_DISCARD1          |     -|  5.71|        -|          -|         -|        0|     -|    rewind|     -|         -|    2 (~0%)|    20 (~0%)|    -|
    |  o DISCARD                       |     -|  7.30|        -|          -|         1|        1|     -|       yes|     -|         -|          -|           -|    -|
    | + fir_Pipeline_VITIS_LOOP_228_2  |     -|  2.30|       34|    340.000|         -|       33|     -|    rewind|     -|         -|    8 (~0%)|   197 (~0%)|    -|
    |  o VITIS_LOOP_228_2              |     -|  7.30|       32|    320.000|         1|        1|    32|       yes|     -|         -|          -|           -|    -|
    | + fir_Pipeline_VITIS_LOOP_229_3  |     -|  2.34|       33|    330.000|         -|       32|     -|    rewind|     -|         -|    7 (~0%)|    53 (~0%)|    -|
    |  o VITIS_LOOP_229_3              |     -|  7.30|       31|    310.000|         1|        1|    31|       yes|     -|         -|          -|           -|    -|
    +----------------------------------+------+------+---------+-----------+----------+---------+------+----------+------+----------+-----------+------------+-----+


================================================================
== HW Interfaces
================================================================
* S_AXILITE Interfaces
+---------------+------------+---------------+
| Interface     | Data Width | Address Width |
+---------------+------------+---------------+
| s_axi_control | 32         | 4             |
+---------------+------------+---------------+

* S_AXILITE Registers
+---------------+----------+--------+-------+--------+----------------------------------+----------------------------------------------------------------------+
| Interface     | Register | Offset | Width | Access | Description                      | Bit Fields                                                           |
+---------------+----------+--------+-------+--------+----------------------------------+----------------------------------------------------------------------+
| s_axi_control | CTRL     | 0x00   | 32    | RW     | Control signals                  | 0=AP_START 1=AP_DONE 2=AP_IDLE 3=AP_READY 7=AUTO_RESTART 9=INTERRUPT |
| s_axi_control | GIER     | 0x04   | 32    | RW     | Global Interrupt Enable Register | 0=Enable                                                             |
| s_axi_control | IP_IER   | 0x08   | 32    | RW     | IP Interrupt Enable Register     | 0=CHAN0_INT_EN 1=CHAN1_INT_EN                                        |
| s_axi_control | IP_ISR   | 0x0c   | 32    | RW     | IP Interrupt Status Register     | 0=CHAN0_INT_ST 1=CHAN1_INT_ST                                        |
+---------------+----------+--------+-------+--------+----------------------------------+----------------------------------------------------------------------+

* AXIS
+-----------+-----------+---------------+-------+-------+-------+--------+-------+--------+
| Interface | Direction | Register Mode | TDATA | TKEEP | TLAST | TREADY | TSTRB | TVALID |
+-----------+-----------+---------------+-------+-------+-------+--------+-------+--------+
| m_out     | out       | both          | 32    | 4     | 1     | 1      | 4     | 1      |
| s_in      | in        | both          | 32    | 4     | 1     | 1      | 4     | 1      |
+-----------+-----------+---------------+-------+-------+-------+--------+-------+--------+

* TOP LEVEL CONTROL
+-----------+------------+-----------+
| Interface | Type       | Ports     |
+-----------+------------+-----------+
| ap_clk    | clock      | ap_clk    |
| ap_rst_n  | reset      | ap_rst_n  |
| interrupt | interrupt  | interrupt |
| ap_ctrl   | ap_ctrl_hs |           |
+-----------+------------+-----------+


================================================================
== SW I/O Information
================================================================
* Top Function Arguments
+----------+-----------+--------------------------------------------------------+
| Argument | Direction | Datatype                                               |
+----------+-----------+--------------------------------------------------------+
| s_in     | in        | stream<hls::axis<ap_int<32>, 0, 0, 0, '8', false>, 0>& |
| m_out    | out       | stream<hls::axis<ap_int<32>, 0, 0, 0, '8', false>, 0>& |
+----------+-----------+--------------------------------------------------------+

* SW-to-HW Mapping
+----------+--------------+-----------+
| Argument | HW Interface | HW Type   |
+----------+--------------+-----------+
| s_in     | s_in         | interface |
| m_out    | m_out        | interface |
+----------+--------------+-----------+


================================================================
== M_AXI Burst Information
================================================================
 Note: All burst requests might be further partitioned into multiple requests during RTL generation based on max_read_burst_length or max_write_burst_length settings.


================================================================
== Bind Op Report
================================================================
+---------------------------------------+-----+--------+---------------+-----------+--------------------------+---------+
| Name                                  | DSP | Pragma | Variable      | Op        | Impl                     | Latency |
+---------------------------------------+-----+--------+---------------+-----------+--------------------------+---------+
| + fir                                 | 64  |        |               |           |                          |         |
|   icmp_ln235_fu_1254_p2               |     |        | icmp_ln235    | seteq     | auto                     | 0       |
|   icmp_ln3_fu_1260_p2                 |     |        | icmp_ln3      | seteq     | auto                     | 0       |
|   icmp_ln3_1_fu_1266_p2               |     |        | icmp_ln3_1    | seteq     | auto                     | 0       |
|   or_ln3_fu_1272_p2                   |     |        | or_ln3        | or        | auto                     | 0       |
|   icmp_ln3_2_fu_1278_p2               |     |        | icmp_ln3_2    | seteq     | auto                     | 0       |
|   or_ln3_1_fu_1284_p2                 |     |        | or_ln3_1      | or        | auto                     | 0       |
|   add_ln237_fu_1290_p2                |     |        | add_ln237     | add       | fabric                   | 0       |
|   and_ln237_fu_1296_p2                |     |        | and_ln237     | and       | auto                     | 0       |
|   icmp_ln237_fu_1302_p2               |     |        | icmp_ln237    | seteq     | auto                     | 0       |
|   grp_fu_1160_p2                      |     |        | icmp_ln246    | seteq     | auto                     | 0       |
|   grp_fu_1166_p2                      |     |        | add_ln98      | add       | fabric                   | 0       |
|   dshift_fu_1355_p3                   |     |        | dshift        | select    | auto_sel                 | 0       |
|   shr_i_i_i_1_fu_1366_p2              |     |        | shr_i_i_i_1   | lshr      | auto_pipe                | 0       |
|   select_ln186_fu_1556_p3             |     |        | select_ln186  | select    | auto_sel                 | 0       |
|   add_ln248_fu_1564_p2                |     |        | add_ln248     | add       | fabric                   | 0       |
|   grp_fu_1160_p2                      |     |        | icmp_ln241    | seteq     | auto                     | 0       |
|   add_ln219_fu_1308_p2                |     |        | add_ln219     | add       | fabric                   | 0       |
|   icmp_ln219_fu_1324_p2               |     |        | icmp_ln219    | seteq     | auto                     | 0       |
|   icmp_ln221_fu_1330_p2               |     |        | icmp_ln221    | seteq     | auto                     | 0       |
|   grp_fu_1166_p2                      |     |        | add_ln58      | add       | fabric                   | 0       |
|   icmp_ln262_fu_1574_p2               |     |        | icmp_ln262    | seteq     | auto                     | 0       |
|   icmp_ln263_fu_1580_p2               |     |        | icmp_ln263    | seteq     | auto                     | 0       |
|   add_ln263_fu_1585_p2                |     |        | add_ln263     | add       | fabric                   | 0       |
|  + fir_Pipeline_VITIS_LOOP_244_4      | 0   |        |               |           |                          |         |
|    icmp_ln244_fu_156_p2               |     |        | icmp_ln244    | seteq     | auto                     | 0       |
|    add_ln244_fu_162_p2                |     |        | add_ln244     | add       | fabric                   | 0       |
|  + fir_Pipeline_PROCESS               | 64  |        |               |           |                          |         |
|    icmp_ln117_fu_793_p2               |     |        | icmp_ln117    | setlt     | auto                     | 0       |
|    xor_ln117_fu_798_p2                |     |        | xor_ln117     | xor       | auto                     | 0       |
|    and_ln117_fu_804_p2                |     |        | and_ln117     | and       | auto                     | 0       |
|    w_6_fu_810_p2                      |     |        | w_6           | add       | fabric                   | 0       |
|    word_is_last_fu_853_p2             |     |        | word_is_last  | setlt     | auto                     | 0       |
|    c_1_fu_863_p3                      |     |        | c_1           | select    | auto_sel                 | 0       |
|    icmp_ln236_fu_871_p2               |     |        | icmp_ln236    | seteq     | auto                     | 0       |
|    x_1_fu_877_p3                      |     |        | x_1           | select    | auto_sel                 | 0       |
|    x_3_fu_892_p3                      |     |        | x_3           | select    | auto_sel                 | 0       |
|    pkt_last_fu_899_p2                 |     |        | pkt_last      | or        | auto                     | 0       |
|    mul_16s_16s_32_1_1_U32             | 1   |        | acc           | mul       | auto                     | 0       |
|    mac_muladd_16s_16s_15ns_32_4_1_U62 | 1   |        | mul_ln142     | mul       | dsp_slice                | 3       |
|    mac_muladd_16s_16s_32s_33_4_1_U64  | 1   |        | mul_ln142_1   | mul       | dsp_slice                | 3       |
|    mac_muladd_16s_16s_32s_33_4_1_U64  | 1   |        | sext_ln142_3  | sext      | dsp_slice                | 3       |
|    mac_muladd_16s_16s_32s_33_4_1_U65  | 1   |        | mul_ln142_2   | mul       | dsp_slice                | 3       |
|    mac_muladd_16s_16s_32s_33_4_1_U65  | 1   |        | sext_ln142_5  | sext      | dsp_slice                | 3       |
|    mul_16s_16s_32_1_1_U33             | 1   |        | mul_ln142_3   | mul       | auto                     | 0       |
|    mac_muladd_16s_16s_32s_33_4_1_U66  | 1   |        | mul_ln142_4   | mul       | dsp_slice                | 3       |
|    mac_muladd_16s_16s_32s_33_4_1_U66  | 1   |        | sext_ln142_9  | sext      | dsp_slice                | 3       |
|    mul_16s_16s_32_1_1_U34             | 1   |        | mul_ln142_5   | mul       | auto                     | 0       |
|    mac_muladd_16s_16s_32s_33_4_1_U67  | 1   |        | mul_ln142_6   | mul       | dsp_slice                | 3       |
|    mac_muladd_16s_16s_32s_33_4_1_U67  | 1   |        | sext_ln142_13 | sext      | dsp_slice                | 3       |
|    mul_16s_16s_32_1_1_U35             | 1   |        | mul_ln142_7   | mul       | auto                     | 0       |
|    mac_muladd_16s_16s_32s_33_4_1_U68  | 1   |        | mul_ln142_8   | mul       | dsp_slice                | 3       |
|    mac_muladd_16s_16s_32s_33_4_1_U68  | 1   |        | sext_ln142_17 | sext      | dsp_slice                | 3       |
|    mul_16s_16s_32_1_1_U36             | 1   |        | mul_ln142_9   | mul       | auto                     | 0       |
|    mac_muladd_16s_16s_32s_33_4_1_U69  | 1   |        | mul_ln142_10  | mul       | dsp_slice                | 3       |
|    mac_muladd_16s_16s_32s_33_4_1_U69  | 1   |        | sext_ln142_21 | sext      | dsp_slice                | 3       |
|    mul_16s_16s_32_1_1_U37             | 1   |        | mul_ln142_11  | mul       | auto                     | 0       |
|    mac_muladd_16s_16s_32s_33_4_1_U70  | 1   |        | mul_ln142_12  | mul       | dsp_slice                | 3       |
|    mac_muladd_16s_16s_32s_33_4_1_U70  | 1   |        | sext_ln142_25 | sext      | dsp_slice                | 3       |
|    mul_16s_16s_32_1_1_U38             | 1   |        | mul_ln142_13  | mul       | auto                     | 0       |
|    mac_muladd_16s_16s_32s_33_4_1_U71  | 1   |        | mul_ln142_14  | mul       | dsp_slice                | 3       |
|    mac_muladd_16s_16s_32s_33_4_1_U71  | 1   |        | sext_ln142_29 | sext      | dsp_slice                | 3       |
|    mul_16s_16s_32_1_1_U39             | 1   |        | mul_ln142_15  | mul       | auto                     | 0       |
|    mac_muladd_16s_16s_32s_33_4_1_U72  | 1   |        | mul_ln142_16  | mul       | dsp_slice                | 3       |
|    mac_muladd_16s_16s_32s_33_4_1_U72  | 1   |        | sext_ln142_33 | sext      | dsp_slice                | 3       |
|    mul_16s_16s_32_1_1_U40             | 1   |        | mul_ln142_17  | mul       | auto                     | 0       |
|    mac_muladd_16s_16s_32s_33_4_1_U73  | 1   |        | mul_ln142_18  | mul       | dsp_slice                | 3       |
|    mac_muladd_16s_16s_32s_33_4_1_U73  | 1   |        | sext_ln142_37 | sext      | dsp_slice                | 3       |
|    mul_16s_16s_32_1_1_U41             | 1   |        | mul_ln142_19  | mul       | auto                     | 0       |
|    mac_muladd_16s_16s_32s_33_4_1_U74  | 1   |        | mul_ln142_20  | mul       | dsp_slice                | 3       |
|    mac_muladd_16s_16s_32s_33_4_1_U74  | 1   |        | sext_ln142_41 | sext      | dsp_slice                | 3       |
|    mul_16s_16s_32_1_1_U42             | 1   |        | mul_ln142_21  | mul       | auto                     | 0       |
|    mac_muladd_16s_16s_32s_33_4_1_U75  | 1   |        | mul_ln142_22  | mul       | dsp_slice                | 3       |
|    mac_muladd_16s_16s_32s_33_4_1_U75  | 1   |        | sext_ln142_45 | sext      | dsp_slice                | 3       |
|    mul_16s_16s_32_1_1_U43             | 1   |        | mul_ln142_23  | mul       | auto                     | 0       |
|    mac_muladd_16s_16s_32s_33_4_1_U76  | 1   |        | mul_ln142_24  | mul       | dsp_slice                | 3       |
|    mac_muladd_16s_16s_32s_33_4_1_U76  | 1   |        | sext_ln142_49 | sext      | dsp_slice                | 3       |
|    mul_16s_16s_32_1_1_U44             | 1   |        | mul_ln142_25  | mul       | auto                     | 0       |
|    mac_muladd_16s_16s_32s_33_4_1_U77  | 1   |        | mul_ln142_26  | mul       | dsp_slice                | 3       |
|    mac_muladd_16s_16s_32s_33_4_1_U77  | 1   |        | sext_ln142_53 | sext      | dsp_slice                | 3       |
|    mul_16s_16s_32_1_1_U45             | 1   |        | mul_ln142_27  | mul       | auto                     | 0       |
|    mac_muladd_16s_16s_32s_33_4_1_U78  | 1   |        | mul_ln142_28  | mul       | dsp_slice                | 3       |
|    mac_muladd_16s_16s_32s_33_4_1_U78  | 1   |        | sext_ln142_57 | sext      | dsp_slice                | 3       |
|    mul_16s_16s_32_1_1_U46             | 1   |        | mul_ln142_29  | mul       | auto                     | 0       |
|    mac_muladd_16s_16s_32s_33_4_1_U79  | 1   |        | mul_ln142_30  | mul       | dsp_slice                | 3       |
|    mac_muladd_16s_16s_32s_33_4_1_U79  | 1   |        | sext_ln33     | sext      | dsp_slice                | 3       |
|    mac_muladd_16s_16s_32s_33_4_1_U79  | 1   |        | add_ln33_2    | add       | dsp_slice                | 3       |
|    mac_muladd_16s_16s_32s_33_4_1_U78  | 1   |        | add_ln33_3    | add       | dsp_slice                | 3       |
|    add_ln33_4_fu_1936_p2              |     |        | add_ln33_4    | add       | fabric                   | 0       |
|    mac_muladd_16s_16s_32s_33_4_1_U77  | 1   |        | add_ln33_5    | add       | dsp_slice                | 3       |
|    mac_muladd_16s_16s_32s_33_4_1_U76  | 1   |        | add_ln33_6    | add       | dsp_slice                | 3       |
|    add_ln33_7_fu_1948_p2              |     |        | add_ln33_7    | add       | fabric                   | 0       |
|    add_ln33_8_fu_2128_p2              |     |        | add_ln33_8    | add       | fabric                   | 0       |
|    mac_muladd_16s_16s_32s_33_4_1_U75  | 1   |        | add_ln33_9    | add       | dsp_slice                | 3       |
|    mac_muladd_16s_16s_32s_33_4_1_U74  | 1   |        | add_ln33_10   | add       | dsp_slice                | 3       |
|    add_ln33_11_fu_1960_p2             |     |        | add_ln33_11   | add       | fabric                   | 0       |
|    mac_muladd_16s_16s_32s_33_4_1_U73  | 1   |        | add_ln33_12   | add       | dsp_slice                | 3       |
|    mac_muladd_16s_16s_32s_33_4_1_U72  | 1   |        | add_ln33_13   | add       | dsp_slice                | 3       |
|    add_ln33_14_fu_1972_p2             |     |        | add_ln33_14   | add       | fabric                   | 0       |
|    add_ln33_15_fu_2144_p2             |     |        | add_ln33_15   | add       | fabric                   | 0       |
|    add_ln33_66_fu_2154_p2             |     |        | add_ln33_66   | add       | fabric                   | 0       |
|    add_ln33_16_fu_2160_p2             |     |        | add_ln33_16   | add       | fabric                   | 0       |
|    mac_muladd_16s_16s_32s_33_4_1_U71  | 1   |        | add_ln33_17   | add       | dsp_slice                | 3       |
|    mac_muladd_16s_16s_32s_33_4_1_U70  | 1   |        | add_ln33_18   | add       | dsp_slice                | 3       |
|    add_ln33_19_fu_1984_p2             |     |        | add_ln33_19   | add       | fabric                   | 0       |
|    mac_muladd_16s_16s_32s_33_4_1_U69  | 1   |        | add_ln33_20   | add       | dsp_slice                | 3       |
|    mac_muladd_16s_16s_32s_33_4_1_U68  | 1   |        | add_ln33_21   | add       | dsp_slice                | 3       |
|    add_ln33_22_fu_1996_p2             |     |        | add_ln33_22   | add       | fabric                   | 0       |
|    add_ln33_23_fu_2176_p2             |     |        | add_ln33_23   | add       | fabric                   | 0       |
|    mac_muladd_16s_16s_32s_33_4_1_U67  | 1   |        | add_ln33_24   | add       | dsp_slice                | 3       |
|    mac_muladd_16s_16s_32s_33_4_1_U66  | 1   |        | add_ln33_25   | add       | dsp_slice                | 3       |
|    add_ln33_26_fu_2008_p2             |     |        | add_ln33_26   | add       | fabric                   | 0       |
|    mac_muladd_16s_16s_32s_33_4_1_U65  | 1   |        | add_ln33_27   | add       | dsp_slice                | 3       |
|    mac_muladd_16s_16s_15ns_32_4_1_U62 | 1   |        | add_ln33_28   | add       | dsp_slice                | 3       |
|    mac_muladd_16s_16s_32s_33_4_1_U64  | 1   |        | add_ln33_29   | add       | dsp_slice                | 3       |
|    add_ln33_30_fu_2020_p2             |     |        | add_ln33_30   | add       | fabric                   | 0       |
|    add_ln33_31_fu_2192_p2             |     |        | add_ln33_31   | add       | fabric                   | 0       |
|    add_ln33_67_fu_2202_p2             |     |        | add_ln33_67   | add       | fabric                   | 0       |
|    add_ln33_32_fu_2208_p2             |     |        | add_ln33_32   | add       | fabric                   | 0       |
|    add_ln33_64_fu_2330_p2             |     |        | add_ln33_64   | add       | fabric                   | 0       |
|    add_ln33_fu_2334_p2                |     |        | add_ln33      | add       | fabric                   | 0       |
|    icmp_ln34_fu_2360_p2               |     |        | icmp_ln34     | setgt     | auto                     | 0       |
|    icmp_ln35_fu_2366_p2               |     |        | icmp_ln35     | setlt     | auto                     | 0       |
|    select_ln34_fu_2382_p3             |     |        | select_ln34   | select    | auto_sel                 | 0       |
|    or_ln34_fu_2390_p2                 |     |        | or_ln34       | or        | auto                     | 0       |
|    obuf_2_fu_2396_p3                  |     |        | obuf_2        | select    | auto_sel                 | 0       |
|    mac_muladd_16s_16s_32s_33_4_1_U80  | 1   |        | acc_1         | mul       | dsp_slice                | 3       |
|    mac_muladd_16s_16s_32s_33_4_1_U80  | 1   |        | sext_ln140_1  | sext      | dsp_slice                | 3       |
|    mul_16s_16s_32_1_1_U47             | 1   |        | mul_ln142_32  | mul       | auto                     | 0       |
|    mac_muladd_16s_16s_15ns_32_4_1_U63 | 1   |        | mul_ln142_33  | mul       | dsp_slice                | 3       |
|    mac_muladd_16s_16s_32s_33_4_1_U81  | 1   |        | mul_ln142_34  | mul       | dsp_slice                | 3       |
|    mac_muladd_16s_16s_32s_33_4_1_U81  | 1   |        | sext_ln142_63 | sext      | dsp_slice                | 3       |
|    mac_muladd_16s_16s_32s_33_4_1_U82  | 1   |        | mul_ln142_35  | mul       | dsp_slice                | 3       |
|    mac_muladd_16s_16s_32s_33_4_1_U82  | 1   |        | sext_ln142_64 | sext      | dsp_slice                | 3       |
|    mul_16s_16s_32_1_1_U48             | 1   |        | mul_ln142_36  | mul       | auto                     | 0       |
|    mac_muladd_16s_16s_32s_33_4_1_U83  | 1   |        | mul_ln142_37  | mul       | dsp_slice                | 3       |
|    mac_muladd_16s_16s_32s_33_4_1_U83  | 1   |        | sext_ln142_66 | sext      | dsp_slice                | 3       |
|    mul_16s_16s_32_1_1_U49             | 1   |        | mul_ln142_38  | mul       | auto                     | 0       |
|    mac_muladd_16s_16s_32s_33_4_1_U84  | 1   |        | mul_ln142_39  | mul       | dsp_slice                | 3       |
|    mac_muladd_16s_16s_32s_33_4_1_U84  | 1   |        | sext_ln142_68 | sext      | dsp_slice                | 3       |
|    mul_16s_16s_32_1_1_U50             | 1   |        | mul_ln142_40  | mul       | auto                     | 0       |
|    mac_muladd_16s_16s_32s_33_4_1_U85  | 1   |        | mul_ln142_41  | mul       | dsp_slice                | 3       |
|    mac_muladd_16s_16s_32s_33_4_1_U85  | 1   |        | sext_ln142_70 | sext      | dsp_slice                | 3       |
|    mul_16s_16s_32_1_1_U51             | 1   |        | mul_ln142_42  | mul       | auto                     | 0       |
|    mac_muladd_16s_16s_32s_33_4_1_U86  | 1   |        | mul_ln142_43  | mul       | dsp_slice                | 3       |
|    mac_muladd_16s_16s_32s_33_4_1_U86  | 1   |        | sext_ln142_72 | sext      | dsp_slice                | 3       |
|    mul_16s_16s_32_1_1_U52             | 1   |        | mul_ln142_44  | mul       | auto                     | 0       |
|    mac_muladd_16s_16s_32s_33_4_1_U87  | 1   |        | mul_ln142_45  | mul       | dsp_slice                | 3       |
|    mac_muladd_16s_16s_32s_33_4_1_U87  | 1   |        | sext_ln142_74 | sext      | dsp_slice                | 3       |
|    mul_16s_16s_32_1_1_U53             | 1   |        | mul_ln142_46  | mul       | auto                     | 0       |
|    mac_muladd_16s_16s_32s_33_4_1_U88  | 1   |        | mul_ln142_47  | mul       | dsp_slice                | 3       |
|    mac_muladd_16s_16s_32s_33_4_1_U88  | 1   |        | sext_ln142_76 | sext      | dsp_slice                | 3       |
|    mul_16s_16s_32_1_1_U54             | 1   |        | mul_ln142_48  | mul       | auto                     | 0       |
|    mac_muladd_16s_16s_32s_33_4_1_U89  | 1   |        | mul_ln142_49  | mul       | dsp_slice                | 3       |
|    mac_muladd_16s_16s_32s_33_4_1_U89  | 1   |        | sext_ln142_78 | sext      | dsp_slice                | 3       |
|    mul_16s_16s_32_1_1_U55             | 1   |        | mul_ln142_50  | mul       | auto                     | 0       |
|    mac_muladd_16s_16s_32s_33_4_1_U90  | 1   |        | mul_ln142_51  | mul       | dsp_slice                | 3       |
|    mac_muladd_16s_16s_32s_33_4_1_U90  | 1   |        | sext_ln142_80 | sext      | dsp_slice                | 3       |
|    mul_16s_16s_32_1_1_U56             | 1   |        | mul_ln142_52  | mul       | auto                     | 0       |
|    mac_muladd_16s_16s_32s_33_4_1_U91  | 1   |        | mul_ln142_53  | mul       | dsp_slice                | 3       |
|    mac_muladd_16s_16s_32s_33_4_1_U91  | 1   |        | sext_ln142_82 | sext      | dsp_slice                | 3       |
|    mul_16s_16s_32_1_1_U57             | 1   |        | mul_ln142_54  | mul       | auto                     | 0       |
|    mac_muladd_16s_16s_32s_33_4_1_U92  | 1   |        | mul_ln142_55  | mul       | dsp_slice                | 3       |
|    mac_muladd_16s_16s_32s_33_4_1_U92  | 1   |        | sext_ln142_84 | sext      | dsp_slice                | 3       |
|    mul_16s_16s_32_1_1_U58             | 1   |        | mul_ln142_56  | mul       | auto                     | 0       |
|    mac_muladd_16s_16s_32s_33_4_1_U93  | 1   |        | mul_ln142_57  | mul       | dsp_slice                | 3       |
|    mac_muladd_16s_16s_32s_33_4_1_U93  | 1   |        | sext_ln142_86 | sext      | dsp_slice                | 3       |
|    mul_16s_16s_32_1_1_U59             | 1   |        | mul_ln142_58  | mul       | auto                     | 0       |
|    mac_muladd_16s_16s_32s_33_4_1_U94  | 1   |        | mul_ln142_59  | mul       | dsp_slice                | 3       |
|    mac_muladd_16s_16s_32s_33_4_1_U94  | 1   |        | sext_ln142_88 | sext      | dsp_slice                | 3       |
|    mul_16s_16s_32_1_1_U60             | 1   |        | mul_ln142_60  | mul       | auto                     | 0       |
|    mac_muladd_16s_16s_32s_33_4_1_U95  | 1   |        | mul_ln142_61  | mul       | dsp_slice                | 3       |
|    mac_muladd_16s_16s_32s_33_4_1_U95  | 1   |        | sext_ln142_90 | sext      | dsp_slice                | 3       |
|    mul_16s_16s_32_1_1_U61             | 1   |        | mul_ln142_62  | mul       | auto                     | 0       |
|    mac_muladd_16s_16s_32s_33_4_1_U80  | 1   |        | add_ln33_33   | add       | dsp_slice                | 3       |
|    mac_muladd_16s_16s_32s_33_4_1_U95  | 1   |        | add_ln33_34   | add       | dsp_slice                | 3       |
|    add_ln33_35_fu_2032_p2             |     |        | add_ln33_35   | add       | fabric                   | 0       |
|    mac_muladd_16s_16s_32s_33_4_1_U94  | 1   |        | add_ln33_36   | add       | dsp_slice                | 3       |
|    mac_muladd_16s_16s_32s_33_4_1_U93  | 1   |        | add_ln33_37   | add       | dsp_slice                | 3       |
|    add_ln33_38_fu_2044_p2             |     |        | add_ln33_38   | add       | fabric                   | 0       |
|    add_ln33_39_fu_2224_p2             |     |        | add_ln33_39   | add       | fabric                   | 0       |
|    mac_muladd_16s_16s_32s_33_4_1_U92  | 1   |        | add_ln33_40   | add       | dsp_slice                | 3       |
|    mac_muladd_16s_16s_32s_33_4_1_U91  | 1   |        | add_ln33_41   | add       | dsp_slice                | 3       |
|    add_ln33_42_fu_2056_p2             |     |        | add_ln33_42   | add       | fabric                   | 0       |
|    mac_muladd_16s_16s_32s_33_4_1_U90  | 1   |        | add_ln33_43   | add       | dsp_slice                | 3       |
|    mac_muladd_16s_16s_32s_33_4_1_U89  | 1   |        | add_ln33_44   | add       | dsp_slice                | 3       |
|    add_ln33_45_fu_2068_p2             |     |        | add_ln33_45   | add       | fabric                   | 0       |
|    add_ln33_46_fu_2240_p2             |     |        | add_ln33_46   | add       | fabric                   | 0       |
|    add_ln33_68_fu_2250_p2             |     |        | add_ln33_68   | add       | fabric                   | 0       |
|    add_ln33_47_fu_2256_p2             |     |        | add_ln33_47   | add       | fabric                   | 0       |
|    mac_muladd_16s_16s_32s_33_4_1_U88  | 1   |        | add_ln33_48   | add       | dsp_slice                | 3       |
|    mac_muladd_16s_16s_32s_33_4_1_U87  | 1   |        | add_ln33_49   | add       | dsp_slice                | 3       |
|    add_ln33_50_fu_2080_p2             |     |        | add_ln33_50   | add       | fabric                   | 0       |
|    mac_muladd_16s_16s_32s_33_4_1_U86  | 1   |        | add_ln33_51   | add       | dsp_slice                | 3       |
|    mac_muladd_16s_16s_32s_33_4_1_U85  | 1   |        | add_ln33_52   | add       | dsp_slice                | 3       |
|    add_ln33_53_fu_2092_p2             |     |        | add_ln33_53   | add       | fabric                   | 0       |
|    add_ln33_54_fu_2272_p2             |     |        | add_ln33_54   | add       | fabric                   | 0       |
|    mac_muladd_16s_16s_32s_33_4_1_U84  | 1   |        | add_ln33_55   | add       | dsp_slice                | 3       |
|    mac_muladd_16s_16s_32s_33_4_1_U83  | 1   |        | add_ln33_56   | add       | dsp_slice                | 3       |
|    add_ln33_57_fu_2104_p2             |     |        | add_ln33_57   | add       | fabric                   | 0       |
|    mac_muladd_16s_16s_32s_33_4_1_U82  | 1   |        | add_ln33_58   | add       | dsp_slice                | 3       |
|    mac_muladd_16s_16s_15ns_32_4_1_U63 | 1   |        | add_ln33_59   | add       | dsp_slice                | 3       |
|    mac_muladd_16s_16s_32s_33_4_1_U81  | 1   |        | add_ln33_60   | add       | dsp_slice                | 3       |
|    add_ln33_61_fu_2116_p2             |     |        | add_ln33_61   | add       | fabric                   | 0       |
|    add_ln33_62_fu_2288_p2             |     |        | add_ln33_62   | add       | fabric                   | 0       |
|    add_ln33_69_fu_2298_p2             |     |        | add_ln33_69   | add       | fabric                   | 0       |
|    add_ln33_63_fu_2304_p2             |     |        | add_ln33_63   | add       | fabric                   | 0       |
|    add_ln33_65_fu_2410_p2             |     |        | add_ln33_65   | add       | fabric                   | 0       |
|    add_ln33_1_fu_2414_p2              |     |        | add_ln33_1    | add       | fabric                   | 0       |
|    icmp_ln34_1_fu_2440_p2             |     |        | icmp_ln34_1   | setgt     | auto                     | 0       |
|    icmp_ln35_1_fu_2446_p2             |     |        | icmp_ln35_1   | setlt     | auto                     | 0       |
|    select_ln34_2_fu_2462_p3           |     |        | select_ln34_2 | select    | auto_sel                 | 0       |
|    or_ln34_1_fu_2470_p2               |     |        | or_ln34_1     | or        | auto                     | 0       |
|    obuf_5_fu_2476_p3                  |     |        | obuf_5        | select    | auto_sel                 | 0       |
|    icmp_ln151_fu_916_p2               |     |        | icmp_ln151    | seteq     | auto                     | 0       |
|    v_fu_1252_p3                       |     |        | v             | select    | auto_sel                 | 0       |
|    v_1_fu_1259_p3                     |     |        | v_1           | select    | auto_sel                 | 0       |
|    v_2_fu_1266_p3                     |     |        | v_2           | select    | auto_sel                 | 0       |
|    v_3_fu_1273_p3                     |     |        | v_3           | select    | auto_sel                 | 0       |
|    v_4_fu_1280_p3                     |     |        | v_4           | select    | auto_sel                 | 0       |
|    v_5_fu_1287_p3                     |     |        | v_5           | select    | auto_sel                 | 0       |
|    v_6_fu_1294_p3                     |     |        | v_6           | select    | auto_sel                 | 0       |
|    v_7_fu_1301_p3                     |     |        | v_7           | select    | auto_sel                 | 0       |
|    v_8_fu_1308_p3                     |     |        | v_8           | select    | auto_sel                 | 0       |
|    v_9_fu_1315_p3                     |     |        | v_9           | select    | auto_sel                 | 0       |
|    v_10_fu_1322_p3                    |     |        | v_10          | select    | auto_sel                 | 0       |
|    v_11_fu_1329_p3                    |     |        | v_11          | select    | auto_sel                 | 0       |
|    v_12_fu_1336_p3                    |     |        | v_12          | select    | auto_sel                 | 0       |
|    v_13_fu_1343_p3                    |     |        | v_13          | select    | auto_sel                 | 0       |
|    v_14_fu_1350_p3                    |     |        | v_14          | select    | auto_sel                 | 0       |
|    v_15_fu_1357_p3                    |     |        | v_15          | select    | auto_sel                 | 0       |
|    v_16_fu_1364_p3                    |     |        | v_16          | select    | auto_sel                 | 0       |
|    v_17_fu_1371_p3                    |     |        | v_17          | select    | auto_sel                 | 0       |
|    v_18_fu_1378_p3                    |     |        | v_18          | select    | auto_sel                 | 0       |
|    v_19_fu_1385_p3                    |     |        | v_19          | select    | auto_sel                 | 0       |
|    v_20_fu_1392_p3                    |     |        | v_20          | select    | auto_sel                 | 0       |
|    v_21_fu_1399_p3                    |     |        | v_21          | select    | auto_sel                 | 0       |
|    v_22_fu_1406_p3                    |     |        | v_22          | select    | auto_sel                 | 0       |
|    v_23_fu_1413_p3                    |     |        | v_23          | select    | auto_sel                 | 0       |
|    v_24_fu_1420_p3                    |     |        | v_24          | select    | auto_sel                 | 0       |
|    v_25_fu_1427_p3                    |     |        | v_25          | select    | auto_sel                 | 0       |
|    v_26_fu_1434_p3                    |     |        | v_26          | select    | auto_sel                 | 0       |
|    v_27_fu_1441_p3                    |     |        | v_27          | select    | auto_sel                 | 0       |
|    v_28_fu_1448_p3                    |     |        | v_28          | select    | auto_sel                 | 0       |
|    v_29_fu_1454_p3                    |     |        | v_29          | select    | auto_sel                 | 0       |
|    v_30_fu_922_p3                     |     |        | v_30          | select    | auto_sel                 | 0       |
|    icmp_ln160_fu_936_p2               |     |        | icmp_ln160    | setne     | auto                     | 0       |
|    and_ln160_fu_942_p2                |     |        | and_ln160     | and       | auto                     | 0       |
|    icmp_ln160_1_fu_947_p2             |     |        | icmp_ln160_1  | seteq     | auto                     | 0       |
|    added_fu_953_p2                    |     |        | added         | and       | auto                     | 0       |
|    icmp_ln161_fu_2598_p2              |     |        | icmp_ln161    | seteq     | auto                     | 0       |
|    and_ln161_fu_2603_p2               |     |        | and_ln161     | and       | auto                     | 0       |
|    obuf_4_fu_2608_p3                  |     |        | obuf_4        | select    | auto_sel                 | 0       |
|    icmp_ln161_1_fu_2615_p2            |     |        | icmp_ln161_1  | seteq     | auto                     | 0       |
|    and_ln161_1_fu_2620_p2             |     |        | and_ln161_1   | and       | auto                     | 0       |
|    obuf_3_fu_2625_p3                  |     |        | obuf_3        | select    | auto_sel                 | 0       |
|    and_ln160_2_fu_975_p2              |     |        | and_ln160_2   | and       | auto                     | 0       |
|    icmp_ln160_2_fu_980_p2             |     |        | icmp_ln160_2  | seteq     | auto                     | 0       |
|    and_ln160_3_fu_986_p2              |     |        | and_ln160_3   | and       | auto                     | 0       |
|    add_ln161_fu_2632_p2               |     |        | add_ln161     | add       | fabric                   | 0       |
|    icmp_ln161_2_fu_2636_p2            |     |        | icmp_ln161_2  | seteq     | auto                     | 0       |
|    obuf_7_fu_2642_p3                  |     |        | obuf_7        | select    | auto_sel                 | 0       |
|    icmp_ln161_3_fu_2649_p2            |     |        | icmp_ln161_3  | seteq     | auto                     | 0       |
|    obuf_6_fu_2655_p3                  |     |        | obuf_6        | select    | auto_sel                 | 0       |
|    added_1_fu_2487_p3                 |     |        | added_1       | select    | auto_sel                 | 0       |
|    obuf_8_fu_2662_p3                  |     |        | obuf_8        | select    | auto_sel                 | 0       |
|    obuf_10_fu_2669_p3                 |     |        | obuf_10       | select    | auto_sel                 | 0       |
|    added_2_fu_2494_p3                 |     |        | added_2       | select    | auto_sel                 | 0       |
|    ofill_fu_2505_p2                   |     |        | ofill         | add       | fabric                   | 0       |
|    icmp_ln166_fu_2511_p2              |     |        | icmp_ln166    | seteq     | auto                     | 0       |
|    icmp_ln166_1_fu_2517_p2            |     |        | icmp_ln166_1  | seteq     | auto                     | 0       |
|    icmp_ln166_2_fu_2523_p2            |     |        | icmp_ln166_2  | setlt     | auto                     | 0       |
|    or_ln166_fu_2528_p2                |     |        | or_ln166      | or        | auto                     | 0       |
|    write_fu_2534_p2                   |     |        | write         | and       | auto                     | 0       |
|    icmp_ln167_fu_2545_p2              |     |        | icmp_ln167    | seteq     | auto                     | 0       |
|    icmp_ln338_fu_2561_p2              |     |        | icmp_ln338    | setne     | auto                     | 0       |
|    m_out_TDATA                        |     |        | w_7           | select    | auto_sel                 | 0       |
|    nout_3_fu_2571_p2                  |     |        | nout_3        | add       | fabric                   | 0       |
|    nin_1_fu_995_p2                    |     |        | nin_1         | add       | fabric                   | 0       |
|    nrem_2_fu_1005_p2                  |     |        | nrem_2        | sub       | fabric                   | 0       |
|    xor_ln176_fu_1019_p2               |     |        | xor_ln176     | xor       | auto                     | 0       |
|    xor_ln179_fu_1037_p2               |     |        | xor_ln179     | xor       | auto                     | 0       |
|    early_1_fu_1043_p3                 |     |        | early_1       | select    | auto_sel                 | 0       |
|    got_last_1_fu_836_p2               |     |        | got_last_1    | or        | auto                     | 0       |
|  + fir_Pipeline_VITIS_LOOP_265_5      | 0   |        |               |           |                          |         |
|    icmp_ln265_fu_156_p2               |     |        | icmp_ln265    | seteq     | auto                     | 0       |
|    add_ln265_fu_162_p2                |     |        | add_ln265     | add       | fabric                   | 0       |
|  + fir_Pipeline_LOAD                  | 0   |        |               |           |                          |         |
|    icmp_ln61_fu_788_p2                |     |        | icmp_ln61     | setlt     | auto                     | 0       |
|    xor_ln61_fu_794_p2                 |     |        | xor_ln61      | xor       | auto                     | 0       |
|    and_ln61_fu_800_p2                 |     |        | and_ln61      | and       | auto                     | 0       |
|    add_ln79_fu_806_p2                 |     |        | add_ln79      | add       | fabric                   | 0       |
|    sub_ln64_fu_822_p2                 |     |        | sub_ln64      | sub       | fabric                   | 0       |
|    icmp_ln65_fu_838_p2                |     |        | icmp_ln65     | setlt     | auto                     | 0       |
|    c_fu_900_p3                        |     |        | c             | select    | auto_sel                 | 0       |
|    icmp_ln236_fu_910_p2               |     |        | icmp_ln236    | setgt     | auto                     | 0       |
|    x_6_fu_916_p3                      |     |        | x_6           | select    | auto_sel                 | 0       |
|    icmp_ln239_fu_933_p2               |     |        | icmp_ln239    | setgt     | auto                     | 0       |
|    x_7_fu_939_p3                      |     |        | x_7           | select    | auto_sel                 | 0       |
|    icmp_ln74_fu_955_p2                |     |        | icmp_ln74     | seteq     | auto                     | 0       |
|    and_ln74_fu_961_p2                 |     |        | and_ln74      | and       | auto                     | 0       |
|    and_ln74_1_fu_1083_p2              |     |        | and_ln74_1    | and       | auto                     | 0       |
|    nin_4_fu_1205_p2                   |     |        | nin_4         | add       | fabric                   | 0       |
|    early_2_fu_864_p2                  |     |        | early_2       | setlt     | auto                     | 0       |
|    got_last_2_fu_870_p2               |     |        | got_last_2    | or        | auto                     | 0       |
|    early_3_fu_876_p3                  |     |        | early_3       | select    | auto_sel                 | 0       |
|  + fir_Pipeline_VITIS_LOOP_228_2      | 0   |        |               |           |                          |         |
|    icmp_ln228_fu_426_p2               |     |        | icmp_ln228    | seteq     | auto                     | 0       |
|    add_ln228_fu_432_p2                |     |        | add_ln228     | add       | fabric                   | 0       |
|    sparsemux_65_5_16_1_1_U236         |     |        | tmp           | sparsemux | compactencoding_dontcare | 0       |
|  + fir_Pipeline_VITIS_LOOP_229_3      | 0   |        |               |           |                          |         |
|    icmp_ln229_fu_156_p2               |     |        | icmp_ln229    | seteq     | auto                     | 0       |
|    add_ln229_fu_162_p2                |     |        | add_ln229     | add       | fabric                   | 0       |
+---------------------------------------+-----+--------+---------------+-----------+--------------------------+---------+


================================================================
== Storage Report
================================================================
+-------------------+-----------+-----------+------+------+--------+----------+------+---------+------------------+
| Name              | Usage     | Type      | BRAM | URAM | Pragma | Variable | Impl | Latency | Bitwidth, Depth, |
|                   |           |           |      |      |        |          |      |         | Banks            |
+-------------------+-----------+-----------+------+------+--------+----------+------+---------+------------------+
| + fir             |           |           | 0    | 0    |        |          |      |         |                  |
|   control_s_axi_U | interface | s_axilite |      |      |        |          |      |         |                  |
+-------------------+-----------+-----------+------+------+--------+----------+------+---------+------------------+


================================================================
== Pragma Report
================================================================
* Valid Pragma Syntax
+-----------------+--------------------------------------+-------------------------------------------------------------------+
| Type            | Options                              | Location                                                          |
+-----------------+--------------------------------------+-------------------------------------------------------------------+
| INLINE          |                                      | fir_body_impl.tpp:32 in round_sat                                 |
| INLINE          |                                      | fir_body_impl.tpp:42 in discard                                   |
| PIPELINE        | ii=1                                 | fir_body_impl.tpp:46 in discard                                   |
| INLINE          |                                      | fir_body_impl.tpp:56 in load                                      |
| PIPELINE        | ii=1                                 | fir_body_impl.tpp:62 in load                                      |
| LOOP_TRIPCOUNT  | min=1 max=16                         | fir_body_impl.tpp:63 in load                                      |
| ARRAY_PARTITION | variable=x complete                  | fir_body_impl.tpp:67 in load, x                                   |
| UNROLL          |                                      | fir_body_impl.tpp:72 in load                                      |
| INLINE          |                                      | fir_body_impl.tpp:96 in process                                   |
| ARRAY_PARTITION | variable=obuf complete               | fir_body_impl.tpp:109 in process, obuf                            |
| PIPELINE        | ii=1                                 | fir_body_impl.tpp:118 in process                                  |
| LOOP_TRIPCOUNT  | min=1 max=512 avg=256                | fir_body_impl.tpp:119 in process                                  |
| ARRAY_PARTITION | variable=x complete                  | fir_body_impl.tpp:123 in process, x                               |
| ARRAY_PARTITION | variable=win complete                | fir_body_impl.tpp:132 in process, win                             |
| ARRAY_PARTITION | variable=y complete                  | fir_body_impl.tpp:138 in process, y                               |
| INLINE          |                                      | fir_body_impl.tpp:193 in body                                     |
| ARRAY_PARTITION | variable=taps complete               | fir_body_impl.tpp:196 in body, taps                               |
| ARRAY_PARTITION | variable=hist complete               | fir_body_impl.tpp:198 in body, hist                               |
| ARRAY_PARTITION | variable=shadow complete             | fir_body_impl.tpp:224 in body, shadow                             |
| INTERFACE       | axis port=s_in                       | gen/fir.cpp:7 in fir, s_in                                        |
| INTERFACE       | axis port=m_out                      | gen/fir.cpp:8 in fir, m_out                                       |
| INTERFACE       | s_axilite port=return bundle=control | gen/fir.cpp:9 in fir, return                                      |
| INTERFACE       | axis port=s_in                       | gen/fir.cpp:17 in fir_bw64, s_in                                  |
| INTERFACE       | axis port=m_out                      | gen/fir.cpp:18 in fir_bw64, m_out                                 |
| INTERFACE       | s_axilite port=return bundle=control | gen/fir.cpp:19 in fir_bw64, return                                |
| INLINE          |                                      | include/int16_array_utils.h:51 in run_lane                        |
| INLINE          |                                      | include/int16_array_utils.h:59 in run                             |
| INLINE          |                                      | include/int16_array_utils.h:76 in run_lane                        |
| INLINE          |                                      | include/int16_array_utils.h:86 in run                             |
| INLINE          |                                      | include/int16_array_utils.h:119 in write_lane                     |
| INLINE          |                                      | include/int16_array_utils.h:126 in run                            |
| INLINE          |                                      | include/int16_array_utils.h:144 in write_lane                     |
| INLINE          |                                      | include/int16_array_utils.h:153 in run                            |
| INLINE          |                                      | include/int16_array_utils.h:187 in run                            |
| INLINE          |                                      | include/int16_array_utils.h:201 in run                            |
| INLINE          |                                      | include/int16_array_utils.h:232 in run                            |
| INLINE          |                                      | include/int16_array_utils.h:251 in run                            |
| INLINE          |                                      | include/int16_array_utils.h:286 in run                            |
| INLINE          |                                      | include/int16_array_utils.h:301 in run                            |
| INLINE          |                                      | include/int16_array_utils.h:333 in run                            |
| INLINE          |                                      | include/int16_array_utils.h:348 in run                            |
| INLINE          |                                      | include/int16_array_utils.h:380 in run                            |
| INLINE          |                                      | include/int16_array_utils.h:399 in run                            |
| INLINE          |                                      | include/int16_array_utils.h:435 in run                            |
| INLINE          |                                      | include/int16_array_utils.h:450 in run                            |
| INLINE          |                                      | include/int16_array_utils.h:475 in read_array_lane                |
| INLINE          |                                      | include/int16_array_utils.h:481 in write_array_lane               |
| INLINE          |                                      | include/int16_array_utils.h:487 in read_stream_lane               |
| INLINE          |                                      | include/int16_array_utils.h:493 in write_stream_lane              |
| INLINE          |                                      | include/int16_array_utils.h:499 in read_axi4_stream_lane          |
| INLINE          |                                      | include/int16_array_utils.h:505 in read_axi4_stream_lane          |
| INLINE          |                                      | include/int16_array_utils.h:512 in write_axi4_stream_lane         |
| INLINE          |                                      | include/int16_array_utils.h:521 in read_framed_stream_lane        |
| INLINE          |                                      | include/int16_array_utils.h:527 in read_framed_stream_lane        |
| INLINE          |                                      | include/int16_array_utils.h:534 in write_framed_stream_lane       |
| INLINE          |                                      | include/int16_array_utils.h:545 in elem_read                      |
| INLINE          |                                      | include/int16_array_utils.h:552 in elem_write                     |
| INLINE          |                                      | include/int16_array_utils.h:591 in read_array_slice_dispatch      |
| UNROLL          |                                      | include/int16_array_utils.h:602 in read_array_slice_dispatch      |
| PIPELINE        | ii=1                                 | include/int16_array_utils.h:613 in read_array_slice_dispatch      |
| UNROLL          |                                      | include/int16_array_utils.h:617 in read_array_slice_dispatch      |
| UNROLL          |                                      | include/int16_array_utils.h:627 in read_array_slice_dispatch      |
| INLINE          |                                      | include/int16_array_utils.h:636 in read_array_slice_dispatch      |
| PIPELINE        | ii=1                                 | include/int16_array_utils.h:641 in read_array_slice_dispatch      |
| INLINE          |                                      | include/int16_array_utils.h:648 in read_array_slice               |
| INLINE          |                                      | include/int16_array_utils.h:665 in write_array_slice_dispatch     |
| PIPELINE        | ii=1                                 | include/int16_array_utils.h:672 in write_array_slice_dispatch     |
| UNROLL          |                                      | include/int16_array_utils.h:675 in write_array_slice_dispatch     |
| INLINE          |                                      | include/int16_array_utils.h:688 in write_array_slice_dispatch     |
| PIPELINE        | ii=1                                 | include/int16_array_utils.h:693 in write_array_slice_dispatch     |
| INLINE          |                                      | include/int16_array_utils.h:700 in write_array_slice              |
| INLINE          |                                      | include/int16_array_utils.h:716 in write_array_slice_rmw_dispatch |
| UNROLL          |                                      | include/int16_array_utils.h:728 in write_array_slice_rmw_dispatch |
| PIPELINE        | ii=1                                 | include/int16_array_utils.h:740 in write_array_slice_rmw_dispatch |
| UNROLL          |                                      | include/int16_array_utils.h:743 in write_array_slice_rmw_dispatch |
| UNROLL          |                                      | include/int16_array_utils.h:756 in write_array_slice_rmw_dispatch |
| INLINE          |                                      | include/int16_array_utils.h:767 in write_array_slice_rmw_dispatch |
| PIPELINE        | ii=1                                 | include/int16_array_utils.h:772 in write_array_slice_rmw_dispatch |
| INLINE          |                                      | include/int16_array_utils.h:779 in write_array_slice_rmw          |
| INLINE          |                                      | include/int16_array_utils.h:789 in read_array_slice               |
| INLINE          |                                      | include/int16_array_utils.h:795 in write_array_slice              |
| INLINE          |                                      | include/int16_array_utils.h:801 in read_stream                    |
| INLINE          |                                      | include/int16_array_utils.h:812 in read_axi4_stream               |
| INLINE          |                                      | include/int16_array_utils.h:839 in read_axi4_stream               |
| INLINE          |                                      | include/int16_array_utils.h:846 in read_axi4_stream               |
| INLINE          |                                      | include/int16_array_utils.h:853 in read_axi4_stream               |
| INLINE          |                                      | include/int16_array_utils.h:861 in write_stream                   |
| INLINE          |                                      | include/int16_array_utils.h:872 in write_axi4_stream              |
| INLINE          |                                      | include/int16_array_utils.h:886 in read_framed_stream             |
| INLINE          |                                      | include/int16_array_utils.h:902 in read_framed_stream             |
| INLINE          |                                      | include/int16_array_utils.h:909 in write_framed_stream            |
| PIPELINE        | ii=1                                 | include/streamutils_hls.h:164 in flush_axi4_stream_to_tlast       |
+-----------------+--------------------------------------+-------------------------------------------------------------------+


