

Implementation tool: Xilinx Vivado v.2025.1
Project:             prj_csynth_w32
Solution:            solution1
Device target:       xc7z020-clg400-1
Report date:         Tue Oct 06 13:29:35 -0400 2026

#=== Post-Implementation Resource usage ===
SLICE:         1146
LUT:           2773
FF:            3288
DSP:             64
BRAM:             0
URAM:             0
LATCH:            0
SRL:              4
CLB:              0

#=== Final timing ===
CP required:                     10.000
CP achieved post-synthesis:      6.800
CP achieved post-implementation: 8.700
Timing met
