

================================================================
== Vitis HLS Report for 'fir_bw64'
================================================================
* Date:           Tue Oct  6 13:33:16 2026

* Version:        2025.1 (Build 6135595 on May 21 2025)
* Project:        prj_synth_w64
* Solution:       solution1 (Vivado IP Flow Target)
* Product family: zynq
* Target device:  xc7z020-clg400-1


================================================================
== Performance Estimates
================================================================
+ Timing: 
    * Summary: 
    +--------+----------+----------+------------+
    |  Clock |  Target  | Estimated| Uncertainty|
    +--------+----------+----------+------------+
    |ap_clk  |  10.00 ns|  7.122 ns|     2.70 ns|
    +--------+----------+----------+------------+

+ Latency: 
    * Summary: 
    +---------+---------+----------+----------+-----+-----+---------+
    |  Latency (cycles) |  Latency (absolute) |  Interval | Pipeline|
    |   min   |   max   |    min   |    max   | min | max |   Type  |
    +---------+---------+----------+----------+-----+-----+---------+
    |        ?|        ?|         ?|         ?|    ?|    ?|       no|
    +---------+---------+----------+----------+-----+-----+---------+

    + Detail: 
        * Instance: 
        +------------------------------------------------+------------------------------------+---------+---------+-----------+----------+-----+-----+------------------------------------------------+
        |                                                |                                    |  Latency (cycles) |  Latency (absolute)  |  Interval |                    Pipeline                    |
        |                    Instance                    |               Module               |   min   |   max   |    min    |    max   | min | max |                      Type                      |
        +------------------------------------------------+------------------------------------+---------+---------+-----------+----------+-----+-----+------------------------------------------------+
        |grp_fir_bw64_Pipeline_VITIS_LOOP_244_4_fu_604   |fir_bw64_Pipeline_VITIS_LOOP_244_4  |       33|       33|   0.330 us|  0.330 us|   32|   32|  loop auto-rewind stp (delay=0 clock cycles(s))|
        |grp_fir_bw64_Pipeline_DISCARD_fu_670            |fir_bw64_Pipeline_DISCARD           |        ?|        ?|          ?|         ?|    0|    0|  loop auto-rewind stp (delay=0 clock cycles(s))|
        |grp_fir_bw64_Pipeline_PROCESS_fu_682            |fir_bw64_Pipeline_PROCESS           |       12|      523|   0.120 us|  5.230 us|   12|  523|                                              no|
        |grp_fir_bw64_Pipeline_DISCARD3_fu_808           |fir_bw64_Pipeline_DISCARD3          |        ?|        ?|          ?|         ?|    0|    0|  loop auto-rewind stp (delay=0 clock cycles(s))|
        |grp_fir_bw64_Pipeline_VITIS_LOOP_265_5_fu_820   |fir_bw64_Pipeline_VITIS_LOOP_265_5  |       33|       33|   0.330 us|  0.330 us|   32|   32|  loop auto-rewind stp (delay=0 clock cycles(s))|
        |grp_fir_bw64_Pipeline_DISCARD2_fu_886           |fir_bw64_Pipeline_DISCARD2          |        ?|        ?|          ?|         ?|    0|    0|  loop auto-rewind stp (delay=0 clock cycles(s))|
        |grp_fir_bw64_Pipeline_LOAD_fu_898               |fir_bw64_Pipeline_LOAD              |        4|       19|  40.000 ns|  0.190 us|    2|   17|  loop auto-rewind stp (delay=0 clock cycles(s))|
        |grp_fir_bw64_Pipeline_DISCARD1_fu_947           |fir_bw64_Pipeline_DISCARD1          |        ?|        ?|          ?|         ?|    0|    0|  loop auto-rewind stp (delay=0 clock cycles(s))|
        |grp_fir_bw64_Pipeline_VITIS_LOOP_228_2_fu_959   |fir_bw64_Pipeline_VITIS_LOOP_228_2  |       34|       34|   0.340 us|  0.340 us|   33|   33|  loop auto-rewind stp (delay=0 clock cycles(s))|
        |grp_fir_bw64_Pipeline_VITIS_LOOP_229_3_fu_1059  |fir_bw64_Pipeline_VITIS_LOOP_229_3  |       33|       33|   0.330 us|  0.330 us|   32|   32|  loop auto-rewind stp (delay=0 clock cycles(s))|
        +------------------------------------------------+------------------------------------+---------+---------+-----------+----------+-----+-----+------------------------------------------------+

        * Loop: 
        N/A



================================================================
== Utilization Estimates
================================================================
* Summary: 
+-----------------+---------+-----+--------+-------+-----+
|       Name      | BRAM_18K| DSP |   FF   |  LUT  | URAM|
+-----------------+---------+-----+--------+-------+-----+
|DSP              |        -|    -|       -|      -|    -|
|Expression       |        -|    -|       0|    327|    -|
|FIFO             |        -|    -|       -|      -|    -|
|Instance         |        0|  128|    6493|   8999|    -|
|Memory           |        -|    -|       -|      -|    -|
|Multiplexer      |        -|    -|       0|    966|    -|
|Register         |        -|    -|    1454|      -|    -|
+-----------------+---------+-----+--------+-------+-----+
|Total            |        0|  128|    7947|  10292|    0|
+-----------------+---------+-----+--------+-------+-----+
|Available        |      280|  220|  106400|  53200|    0|
+-----------------+---------+-----+--------+-------+-----+
|Utilization (%)  |        0|   58|       7|     19|    0|
+-----------------+---------+-----+--------+-------+-----+

+ Detail: 
    * Instance: 
    +------------------------------------------------+------------------------------------+---------+-----+------+------+-----+
    |                    Instance                    |               Module               | BRAM_18K| DSP |  FF  |  LUT | URAM|
    +------------------------------------------------+------------------------------------+---------+-----+------+------+-----+
    |control_s_axi_U                                 |control_s_axi                       |        0|    0|    36|    40|    0|
    |grp_fir_bw64_Pipeline_DISCARD_fu_670            |fir_bw64_Pipeline_DISCARD           |        0|    0|     2|    20|    0|
    |grp_fir_bw64_Pipeline_DISCARD1_fu_947           |fir_bw64_Pipeline_DISCARD1          |        0|    0|     2|    20|    0|
    |grp_fir_bw64_Pipeline_DISCARD2_fu_886           |fir_bw64_Pipeline_DISCARD2          |        0|    0|     2|    20|    0|
    |grp_fir_bw64_Pipeline_DISCARD3_fu_808           |fir_bw64_Pipeline_DISCARD3          |        0|    0|     2|    20|    0|
    |grp_fir_bw64_Pipeline_LOAD_fu_898               |fir_bw64_Pipeline_LOAD              |        0|    0|   659|  1473|    0|
    |grp_fir_bw64_Pipeline_PROCESS_fu_682            |fir_bw64_Pipeline_PROCESS           |        0|  128|  5761|  7050|    0|
    |grp_fir_bw64_Pipeline_VITIS_LOOP_228_2_fu_959   |fir_bw64_Pipeline_VITIS_LOOP_228_2  |        0|    0|     8|   197|    0|
    |grp_fir_bw64_Pipeline_VITIS_LOOP_229_3_fu_1059  |fir_bw64_Pipeline_VITIS_LOOP_229_3  |        0|    0|     7|    53|    0|
    |grp_fir_bw64_Pipeline_VITIS_LOOP_244_4_fu_604   |fir_bw64_Pipeline_VITIS_LOOP_244_4  |        0|    0|     7|    53|    0|
    |grp_fir_bw64_Pipeline_VITIS_LOOP_265_5_fu_820   |fir_bw64_Pipeline_VITIS_LOOP_265_5  |        0|    0|     7|    53|    0|
    +------------------------------------------------+------------------------------------+---------+-----+------+------+-----+
    |Total                                           |                                    |        0|  128|  6493|  8999|    0|
    +------------------------------------------------+------------------------------------+---------+-----+------+------+-----+

    * DSP: 
    N/A

    * Memory: 
    N/A

    * FIFO: 
    N/A

    * Expression: 
    +---------------------------------------------------+----------+----+---+----+------------+------------+
    |                   Variable Name                   | Operation| DSP| FF| LUT| Bitwidth P0| Bitwidth P1|
    +---------------------------------------------------+----------+----+---+----+------------+------------+
    |add_ln219_fu_1311_p2                               |         +|   0|  0|  23|          16|           2|
    |add_ln237_fu_1295_p2                               |         +|   0|  0|  10|           2|           2|
    |add_ln248_fu_1595_p2                               |         +|   0|  0|  39|          32|          32|
    |add_ln263_fu_1616_p2                               |         +|   0|  0|  23|          16|           1|
    |grp_fu_1130_p2                                     |         +|   0|  0|  24|          17|           2|
    |and_ln237_fu_1300_p2                               |       and|   0|  0|   2|           2|           2|
    |ap_block_state11_on_subcall_done                   |       and|   0|  0|   2|           1|           1|
    |ap_block_state12_on_subcall_done                   |       and|   0|  0|   2|           1|           1|
    |ap_block_state18_on_subcall_done                   |       and|   0|  0|   2|           1|           1|
    |ap_block_state4_on_subcall_done                    |       and|   0|  0|   2|           1|           1|
    |ap_block_state8_on_subcall_done                    |       and|   0|  0|   2|           1|           1|
    |ap_predicate_op181_call_state8                     |       and|   0|  0|   2|           1|           1|
    |grp_fir_bw64_Pipeline_PROCESS_fu_682_m_out_TREADY  |       and|   0|  0|   2|           1|           1|
    |cmp_i_i110_i_i_3_fu_1390_p2                        |      icmp|   0|  0|  10|           2|           1|
    |grp_fu_1125_p2                                     |      icmp|   0|  0|  23|          16|           1|
    |icmp_ln13_1_fu_1273_p2                             |      icmp|   0|  0|  15|           8|           2|
    |icmp_ln13_2_fu_1284_p2                             |      icmp|   0|  0|  15|           8|           1|
    |icmp_ln13_fu_1268_p2                               |      icmp|   0|  0|  15|           8|           3|
    |icmp_ln219_fu_1326_p2                              |      icmp|   0|  0|  12|          11|           1|
    |icmp_ln235_fu_1262_p2                              |      icmp|   0|  0|  15|           8|           1|
    |icmp_ln237_fu_1305_p2                              |      icmp|   0|  0|  10|           2|           1|
    |icmp_ln262_fu_1605_p2                              |      icmp|   0|  0|  11|           3|           1|
    |icmp_ln263_fu_1611_p2                              |      icmp|   0|  0|  23|          16|           2|
    |shr_i_i_i_1_fu_1354_p2                             |      lshr|   0|  0|   7|           1|           3|
    |shr_i_i_i_2_fu_1379_p2                             |      lshr|   0|  0|   7|           2|           3|
    |shr_i_i_i_3_fu_1396_p2                             |      lshr|   0|  0|   7|           2|           3|
    |ap_block_state1                                    |        or|   0|  0|   2|           1|           1|
    |ap_block_state17_on_subcall_done                   |        or|   0|  0|   2|           1|           1|
    |ap_block_state19                                   |        or|   0|  0|   2|           1|           1|
    |ap_block_state2                                    |        or|   0|  0|   2|           1|           1|
    |ap_condition_1032                                  |        or|   0|  0|   2|           1|           1|
    |or_ln13_1_fu_1289_p2                               |        or|   0|  0|   2|           1|           1|
    |or_ln13_fu_1278_p2                                 |        or|   0|  0|   2|           1|           1|
    |dshift_fu_1335_p3                                  |    select|   0|  0|   3|           1|           3|
    |select_ln186_fu_1587_p3                            |    select|   0|  0|   3|           1|           3|
    |rev_fu_1372_p2                                     |       xor|   0|  0|   2|           1|           2|
    +---------------------------------------------------+----------+----+---+----+------------+------------+
    |Total                                              |          |   0|  0| 327|         189|          86|
    +---------------------------------------------------+----------+----+---+----+------------+------------+

    * Multiplexer: 
    +--------------------------------------------------------------------------------------+-----+-----------+-----+-----------+
    |                                         Name                                         | LUT | Input Size| Bits| Total Bits|
    +--------------------------------------------------------------------------------------+-----+-----------+-----+-----------+
    |ap_NS_fsm                                                                             |  100|         20|    1|         20|
    |ap_phi_mux_err_2_phi_fu_560_p18                                                       |    9|          2|    3|          6|
    |ap_phi_mux_err_phi_fu_482_p4                                                          |    9|          2|    3|          6|
    |err_2_i_ph_reg_589                                                                    |    9|          2|    3|          6|
    |err_2_reg_552                                                                         |   37|          7|    3|         21|
    |err_reg_479                                                                           |    9|          2|    3|          6|
    |m_out_TDATA_blk_n                                                                     |    9|          2|    1|          2|
    |m_out_TDATA_int_regslice                                                              |   25|          5|   64|        320|
    |m_out_TKEEP_int_regslice                                                              |   14|          3|    8|         24|
    |m_out_TLAST_int_regslice                                                              |   14|          3|    1|          3|
    |m_out_TSTRB_int_regslice                                                              |   14|          3|    8|         24|
    |m_out_TVALID_int_regslice                                                             |   14|          3|    1|          3|
    |nin_reg_489                                                                           |   14|          3|   16|         48|
    |nout_reg_519                                                                          |    9|          2|   16|         32|
    |nsamp_total                                                                           |    9|          2|   32|         64|
    |p_ZZN8fir_impl4bodyILi64ELi64EEEvRN3hls6streamINS1_4axisI6ap_intIXT_EELm0ELm0ELm0_22  |   20|          4|   16|         64|
    |p_ZZN8fir_impl4bodyILi64ELi64EEEvRN3hls6streamINS1_4axisI6ap_intIXT_EELm0ELm0ELm0_23  |   20|          4|   16|         64|
    |p_ZZN8fir_impl4bodyILi64ELi64EEEvRN3hls6streamINS1_4axisI6ap_intIXT_EELm0ELm0ELm0_24  |   20|          4|   16|         64|
    |p_ZZN8fir_impl4bodyILi64ELi64EEEvRN3hls6streamINS1_4axisI6ap_intIXT_EELm0ELm0ELm0_25  |   20|          4|   16|         64|
    |p_ZZN8fir_impl4bodyILi64ELi64EEEvRN3hls6streamINS1_4axisI6ap_intIXT_EELm0ELm0ELm0_26  |   20|          4|   16|         64|
    |p_ZZN8fir_impl4bodyILi64ELi64EEEvRN3hls6streamINS1_4axisI6ap_intIXT_EELm0ELm0ELm0_27  |   20|          4|   16|         64|
    |p_ZZN8fir_impl4bodyILi64ELi64EEEvRN3hls6streamINS1_4axisI6ap_intIXT_EELm0ELm0ELm0_28  |   20|          4|   16|         64|
    |p_ZZN8fir_impl4bodyILi64ELi64EEEvRN3hls6streamINS1_4axisI6ap_intIXT_EELm0ELm0ELm0_29  |   20|          4|   16|         64|
    |p_ZZN8fir_impl4bodyILi64ELi64EEEvRN3hls6streamINS1_4axisI6ap_intIXT_EELm0ELm0ELm0_30  |   20|          4|   16|         64|
    |p_ZZN8fir_impl4bodyILi64ELi64EEEvRN3hls6streamINS1_4axisI6ap_intIXT_EELm0ELm0ELm0_31  |   20|          4|   16|         64|
    |p_ZZN8fir_impl4bodyILi64ELi64EEEvRN3hls6streamINS1_4axisI6ap_intIXT_EELm0ELm0ELm0_32  |   20|          4|   16|         64|
    |p_ZZN8fir_impl4bodyILi64ELi64EEEvRN3hls6streamINS1_4axisI6ap_intIXT_EELm0ELm0ELm0_33  |   20|          4|   16|         64|
    |p_ZZN8fir_impl4bodyILi64ELi64EEEvRN3hls6streamINS1_4axisI6ap_intIXT_EELm0ELm0ELm0_34  |   20|          4|   16|         64|
    |p_ZZN8fir_impl4bodyILi64ELi64EEEvRN3hls6streamINS1_4axisI6ap_intIXT_EELm0ELm0ELm0_35  |   20|          4|   16|         64|
    |p_ZZN8fir_impl4bodyILi64ELi64EEEvRN3hls6streamINS1_4axisI6ap_intIXT_EELm0ELm0ELm0_36  |   20|          4|   16|         64|
    |p_ZZN8fir_impl4bodyILi64ELi64EEEvRN3hls6streamINS1_4axisI6ap_intIXT_EELm0ELm0ELm0_37  |   20|          4|   16|         64|
    |p_ZZN8fir_impl4bodyILi64ELi64EEEvRN3hls6streamINS1_4axisI6ap_intIXT_EELm0ELm0ELm0_38  |   20|          4|   16|         64|
    |p_ZZN8fir_impl4bodyILi64ELi64EEEvRN3hls6streamINS1_4axisI6ap_intIXT_EELm0ELm0ELm0_39  |   20|          4|   16|         64|
    |p_ZZN8fir_impl4bodyILi64ELi64EEEvRN3hls6streamINS1_4axisI6ap_intIXT_EELm0ELm0ELm0_40  |   20|          4|   16|         64|
    |p_ZZN8fir_impl4bodyILi64ELi64EEEvRN3hls6streamINS1_4axisI6ap_intIXT_EELm0ELm0ELm0_41  |   20|          4|   16|         64|
    |p_ZZN8fir_impl4bodyILi64ELi64EEEvRN3hls6streamINS1_4axisI6ap_intIXT_EELm0ELm0ELm0_42  |   20|          4|   16|         64|
    |s_in_TDATA_blk_n                                                                      |    9|          2|    1|          2|
    |s_in_TREADY_int_regslice                                                              |   42|          8|    1|          8|
    |void_body_stream_stream_axis_0_hist                                                   |   20|          4|   16|         64|
    |void_body_stream_stream_axis_0_hist_1                                                 |   20|          4|   16|         64|
    |void_body_stream_stream_axis_0_hist_2                                                 |   20|          4|   16|         64|
    |void_body_stream_stream_axis_0_hist_3                                                 |   20|          4|   16|         64|
    |void_body_stream_stream_axis_0_hist_4                                                 |   20|          4|   16|         64|
    |void_body_stream_stream_axis_0_hist_5                                                 |   20|          4|   16|         64|
    |void_body_stream_stream_axis_0_hist_6                                                 |   20|          4|   16|         64|
    |void_body_stream_stream_axis_0_hist_7                                                 |   20|          4|   16|         64|
    |void_body_stream_stream_axis_0_hist_8                                                 |   20|          4|   16|         64|
    |void_body_stream_stream_axis_0_hist_9                                                 |   20|          4|   16|         64|
    +--------------------------------------------------------------------------------------+-----+-----------+-----+-----------+
    |Total                                                                                 |  966|        195|  661|       2579|
    +--------------------------------------------------------------------------------------+-----+-----------+-----+-----------+

    * Register: 
    +--------------------------------------------------------------------------------------+----+----+-----+-----------+
    |                                         Name                                         | FF | LUT| Bits| Const Bits|
    +--------------------------------------------------------------------------------------+----+----+-----+-----------+
    |add_ln237_reg_2120                                                                    |   2|   0|    2|          0|
    |ap_CS_fsm                                                                             |  19|   0|   19|          0|
    |axis_word_data_reg_2040                                                               |  64|   0|   64|          0|
    |cmp_i_i110_i_i_3_reg_2161                                                             |   1|   0|    1|          0|
    |early_1_loc_fu_296                                                                    |   1|   0|    1|          0|
    |empty_33_reg_2146                                                                     |   1|   0|    1|          0|
    |empty_34_reg_2156                                                                     |   2|   0|    2|          0|
    |empty_35_reg_2166                                                                     |   2|   0|    2|          0|
    |err_2_i_ph_reg_589                                                                    |   3|   0|    3|          0|
    |err_2_reg_552                                                                         |   3|   0|    3|          0|
    |err_reg_479                                                                           |   3|   0|    3|          0|
    |got_last_1_loc_fu_292                                                                 |   1|   0|    1|          0|
    |got_last_1_loc_load_reg_2270                                                          |   1|   0|    1|          0|
    |grp_fir_bw64_Pipeline_DISCARD1_fu_947_ap_start_reg                                    |   1|   0|    1|          0|
    |grp_fir_bw64_Pipeline_DISCARD2_fu_886_ap_start_reg                                    |   1|   0|    1|          0|
    |grp_fir_bw64_Pipeline_DISCARD3_fu_808_ap_start_reg                                    |   1|   0|    1|          0|
    |grp_fir_bw64_Pipeline_DISCARD_fu_670_ap_start_reg                                     |   1|   0|    1|          0|
    |grp_fir_bw64_Pipeline_LOAD_fu_898_ap_start_reg                                        |   1|   0|    1|          0|
    |grp_fir_bw64_Pipeline_PROCESS_fu_682_ap_start_reg                                     |   1|   0|    1|          0|
    |grp_fir_bw64_Pipeline_VITIS_LOOP_228_2_fu_959_ap_start_reg                            |   1|   0|    1|          0|
    |grp_fir_bw64_Pipeline_VITIS_LOOP_229_3_fu_1059_ap_start_reg                           |   1|   0|    1|          0|
    |grp_fir_bw64_Pipeline_VITIS_LOOP_244_4_fu_604_ap_start_reg                            |   1|   0|    1|          0|
    |grp_fir_bw64_Pipeline_VITIS_LOOP_265_5_fu_820_ap_start_reg                            |   1|   0|    1|          0|
    |hdr_count_cast1_reg_2060                                                              |   2|   0|    2|          0|
    |hdr_count_reg_2051                                                                    |  16|   0|   16|          0|
    |hdr_decim_cast_reg_2081                                                               |   2|   0|    2|          0|
    |hdr_decim_reg_2065                                                                    |   8|   0|    8|          0|
    |hdr_opcode_reg_2046                                                                   |   8|   0|    8|          0|
    |hdr_reset_reg_2072                                                                    |   1|   0|    1|          0|
    |icmp_ln13_1_reg_2111                                                                  |   1|   0|    1|          0|
    |icmp_ln13_reg_2106                                                                    |   1|   0|    1|          0|
    |icmp_ln221_reg_2133                                                                   |   1|   0|    1|          0|
    |icmp_ln235_reg_2102                                                                   |   1|   0|    1|          0|
    |icmp_ln237_reg_2126                                                                   |   1|   0|    1|          0|
    |icmp_ln241_reg_2296                                                                   |   1|   0|    1|          0|
    |icmp_ln246_reg_2137                                                                   |   1|   0|    1|          0|
    |icmp_ln262_reg_2289                                                                   |   1|   0|    1|          0|
    |last_error                                                                            |   3|   0|    3|          0|
    |m_out_TDATA_reg                                                                       |  64|   0|   64|          0|
    |m_out_TKEEP_reg                                                                       |   8|   0|    8|          0|
    |m_out_TLAST_reg                                                                       |   1|   0|    1|          0|
    |m_out_TSTRB_reg                                                                       |   8|   0|    8|          0|
    |nerr                                                                                  |  16|   0|   16|          0|
    |nin_1_loc_fu_304                                                                      |  17|   0|   17|          0|
    |nin_loc_fu_316                                                                        |  16|   0|   16|          0|
    |nin_reg_489                                                                           |  16|   0|   16|          0|
    |nout_loc_fu_300                                                                       |  16|   0|   16|          0|
    |nout_reg_519                                                                          |  16|   0|   16|          0|
    |nsamp_total                                                                           |  32|   0|   32|          0|
    |ntaps                                                                                 |   8|   0|    8|          0|
    |or_ln13_1_reg_2116                                                                    |   1|   0|    1|          0|
    |p_ZZN8fir_impl4bodyILi64ELi64EEEvRN3hls6streamINS1_4axisI6ap_intIXT_EELm0ELm0ELm0     |  16|   0|   16|          0|
    |p_ZZN8fir_impl4bodyILi64ELi64EEEvRN3hls6streamINS1_4axisI6ap_intIXT_EELm0ELm0ELm0_1   |  16|   0|   16|          0|
    |p_ZZN8fir_impl4bodyILi64ELi64EEEvRN3hls6streamINS1_4axisI6ap_intIXT_EELm0ELm0ELm0_10  |  16|   0|   16|          0|
    |p_ZZN8fir_impl4bodyILi64ELi64EEEvRN3hls6streamINS1_4axisI6ap_intIXT_EELm0ELm0ELm0_11  |  16|   0|   16|          0|
    |p_ZZN8fir_impl4bodyILi64ELi64EEEvRN3hls6streamINS1_4axisI6ap_intIXT_EELm0ELm0ELm0_12  |  16|   0|   16|          0|
    |p_ZZN8fir_impl4bodyILi64ELi64EEEvRN3hls6streamINS1_4axisI6ap_intIXT_EELm0ELm0ELm0_13  |  16|   0|   16|          0|
    |p_ZZN8fir_impl4bodyILi64ELi64EEEvRN3hls6streamINS1_4axisI6ap_intIXT_EELm0ELm0ELm0_14  |  16|   0|   16|          0|
    |p_ZZN8fir_impl4bodyILi64ELi64EEEvRN3hls6streamINS1_4axisI6ap_intIXT_EELm0ELm0ELm0_15  |  16|   0|   16|          0|
    |p_ZZN8fir_impl4bodyILi64ELi64EEEvRN3hls6streamINS1_4axisI6ap_intIXT_EELm0ELm0ELm0_16  |  16|   0|   16|          0|
    |p_ZZN8fir_impl4bodyILi64ELi64EEEvRN3hls6streamINS1_4axisI6ap_intIXT_EELm0ELm0ELm0_17  |  16|   0|   16|          0|
    |p_ZZN8fir_impl4bodyILi64ELi64EEEvRN3hls6streamINS1_4axisI6ap_intIXT_EELm0ELm0ELm0_18  |  16|   0|   16|          0|
    |p_ZZN8fir_impl4bodyILi64ELi64EEEvRN3hls6streamINS1_4axisI6ap_intIXT_EELm0ELm0ELm0_19  |  16|   0|   16|          0|
    |p_ZZN8fir_impl4bodyILi64ELi64EEEvRN3hls6streamINS1_4axisI6ap_intIXT_EELm0ELm0ELm0_2   |  16|   0|   16|          0|
    |p_ZZN8fir_impl4bodyILi64ELi64EEEvRN3hls6streamINS1_4axisI6ap_intIXT_EELm0ELm0ELm0_20  |  16|   0|   16|          0|
    |p_ZZN8fir_impl4bodyILi64ELi64EEEvRN3hls6streamINS1_4axisI6ap_intIXT_EELm0ELm0ELm0_21  |  16|   0|   16|          0|
    |p_ZZN8fir_impl4bodyILi64ELi64EEEvRN3hls6streamINS1_4axisI6ap_intIXT_EELm0ELm0ELm0_22  |  16|   0|   16|          0|
    |p_ZZN8fir_impl4bodyILi64ELi64EEEvRN3hls6streamINS1_4axisI6ap_intIXT_EELm0ELm0ELm0_23  |  16|   0|   16|          0|
    |p_ZZN8fir_impl4bodyILi64ELi64EEEvRN3hls6streamINS1_4axisI6ap_intIXT_EELm0ELm0ELm0_24  |  16|   0|   16|          0|
    |p_ZZN8fir_impl4bodyILi64ELi64EEEvRN3hls6streamINS1_4axisI6ap_intIXT_EELm0ELm0ELm0_25  |  16|   0|   16|          0|
    |p_ZZN8fir_impl4bodyILi64ELi64EEEvRN3hls6streamINS1_4axisI6ap_intIXT_EELm0ELm0ELm0_26  |  16|   0|   16|          0|
    |p_ZZN8fir_impl4bodyILi64ELi64EEEvRN3hls6streamINS1_4axisI6ap_intIXT_EELm0ELm0ELm0_27  |  16|   0|   16|          0|
    |p_ZZN8fir_impl4bodyILi64ELi64EEEvRN3hls6streamINS1_4axisI6ap_intIXT_EELm0ELm0ELm0_28  |  16|   0|   16|          0|
    |p_ZZN8fir_impl4bodyILi64ELi64EEEvRN3hls6streamINS1_4axisI6ap_intIXT_EELm0ELm0ELm0_29  |  16|   0|   16|          0|
    |p_ZZN8fir_impl4bodyILi64ELi64EEEvRN3hls6streamINS1_4axisI6ap_intIXT_EELm0ELm0ELm0_3   |  16|   0|   16|          0|
    |p_ZZN8fir_impl4bodyILi64ELi64EEEvRN3hls6streamINS1_4axisI6ap_intIXT_EELm0ELm0ELm0_30  |  16|   0|   16|          0|
    |p_ZZN8fir_impl4bodyILi64ELi64EEEvRN3hls6streamINS1_4axisI6ap_intIXT_EELm0ELm0ELm0_31  |  16|   0|   16|          0|
    |p_ZZN8fir_impl4bodyILi64ELi64EEEvRN3hls6streamINS1_4axisI6ap_intIXT_EELm0ELm0ELm0_32  |  16|   0|   16|          0|
    |p_ZZN8fir_impl4bodyILi64ELi64EEEvRN3hls6streamINS1_4axisI6ap_intIXT_EELm0ELm0ELm0_33  |  16|   0|   16|          0|
    |p_ZZN8fir_impl4bodyILi64ELi64EEEvRN3hls6streamINS1_4axisI6ap_intIXT_EELm0ELm0ELm0_34  |  16|   0|   16|          0|
    |p_ZZN8fir_impl4bodyILi64ELi64EEEvRN3hls6streamINS1_4axisI6ap_intIXT_EELm0ELm0ELm0_35  |  16|   0|   16|          0|
    |p_ZZN8fir_impl4bodyILi64ELi64EEEvRN3hls6streamINS1_4axisI6ap_intIXT_EELm0ELm0ELm0_36  |  16|   0|   16|          0|
    |p_ZZN8fir_impl4bodyILi64ELi64EEEvRN3hls6streamINS1_4axisI6ap_intIXT_EELm0ELm0ELm0_37  |  16|   0|   16|          0|
    |p_ZZN8fir_impl4bodyILi64ELi64EEEvRN3hls6streamINS1_4axisI6ap_intIXT_EELm0ELm0ELm0_38  |  16|   0|   16|          0|
    |p_ZZN8fir_impl4bodyILi64ELi64EEEvRN3hls6streamINS1_4axisI6ap_intIXT_EELm0ELm0ELm0_39  |  16|   0|   16|          0|
    |p_ZZN8fir_impl4bodyILi64ELi64EEEvRN3hls6streamINS1_4axisI6ap_intIXT_EELm0ELm0ELm0_4   |  16|   0|   16|          0|
    |p_ZZN8fir_impl4bodyILi64ELi64EEEvRN3hls6streamINS1_4axisI6ap_intIXT_EELm0ELm0ELm0_40  |  16|   0|   16|          0|
    |p_ZZN8fir_impl4bodyILi64ELi64EEEvRN3hls6streamINS1_4axisI6ap_intIXT_EELm0ELm0ELm0_41  |  16|   0|   16|          0|
    |p_ZZN8fir_impl4bodyILi64ELi64EEEvRN3hls6streamINS1_4axisI6ap_intIXT_EELm0ELm0ELm0_42  |  16|   0|   16|          0|
    |p_ZZN8fir_impl4bodyILi64ELi64EEEvRN3hls6streamINS1_4axisI6ap_intIXT_EELm0ELm0ELm0_5   |  16|   0|   16|          0|
    |p_ZZN8fir_impl4bodyILi64ELi64EEEvRN3hls6streamINS1_4axisI6ap_intIXT_EELm0ELm0ELm0_6   |  16|   0|   16|          0|
    |p_ZZN8fir_impl4bodyILi64ELi64EEEvRN3hls6streamINS1_4axisI6ap_intIXT_EELm0ELm0ELm0_7   |  16|   0|   16|          0|
    |p_ZZN8fir_impl4bodyILi64ELi64EEEvRN3hls6streamINS1_4axisI6ap_intIXT_EELm0ELm0ELm0_8   |  16|   0|   16|          0|
    |p_ZZN8fir_impl4bodyILi64ELi64EEEvRN3hls6streamINS1_4axisI6ap_intIXT_EELm0ELm0ELm0_9   |  16|   0|   16|          0|
    |reg_1146                                                                              |  15|   0|   15|          0|
    |rev_reg_2151                                                                          |   1|   0|    1|          0|
    |tmp_14_reg_2141                                                                       |   1|   0|    1|          0|
    |trunc_ln108_reg_2279                                                                  |  16|   0|   16|          0|
    |void_body_stream_stream_axis_0_hist                                                   |  16|   0|   16|          0|
    |void_body_stream_stream_axis_0_hist_1                                                 |  16|   0|   16|          0|
    |void_body_stream_stream_axis_0_hist_2                                                 |  16|   0|   16|          0|
    |void_body_stream_stream_axis_0_hist_3                                                 |  16|   0|   16|          0|
    |void_body_stream_stream_axis_0_hist_4                                                 |  16|   0|   16|          0|
    |void_body_stream_stream_axis_0_hist_5                                                 |  16|   0|   16|          0|
    |void_body_stream_stream_axis_0_hist_6                                                 |  16|   0|   16|          0|
    |void_body_stream_stream_axis_0_hist_7                                                 |  16|   0|   16|          0|
    |void_body_stream_stream_axis_0_hist_8                                                 |  16|   0|   16|          0|
    |void_body_stream_stream_axis_0_hist_9                                                 |  16|   0|   16|          0|
    |void_body_stream_stream_axis_0_taps                                                   |  16|   0|   16|          0|
    |void_body_stream_stream_axis_0_taps_1                                                 |  16|   0|   16|          0|
    |void_body_stream_stream_axis_0_taps_2                                                 |  16|   0|   16|          0|
    |void_body_stream_stream_axis_0_taps_3                                                 |  16|   0|   16|          0|
    |void_body_stream_stream_axis_0_taps_4                                                 |  16|   0|   16|          0|
    |void_body_stream_stream_axis_0_taps_5                                                 |  16|   0|   16|          0|
    |void_body_stream_stream_axis_0_taps_6                                                 |  16|   0|   16|          0|
    |void_body_stream_stream_axis_0_taps_7                                                 |  16|   0|   16|          0|
    |void_body_stream_stream_axis_0_taps_8                                                 |  16|   0|   16|          0|
    |void_body_stream_stream_axis_0_taps_9                                                 |  16|   0|   16|          0|
    |zext_ln108_reg_2274                                                                   |  17|   0|   32|         15|
    |zext_ln94_reg_2086                                                                    |  16|   0|   17|          1|
    +--------------------------------------------------------------------------------------+----+----+-----+-----------+
    |Total                                                                                 |1454|   0| 1470|         16|
    +--------------------------------------------------------------------------------------+----+----+-----+-----------+



================================================================
== Interface
================================================================
* Summary: 
+-----------------------+-----+-----+------------+----------------+--------------+
|       RTL Ports       | Dir | Bits|  Protocol  |  Source Object |    C Type    |
+-----------------------+-----+-----+------------+----------------+--------------+
|s_axi_control_AWVALID  |   in|    1|       s_axi|         control|   return void|
|s_axi_control_AWREADY  |  out|    1|       s_axi|         control|   return void|
|s_axi_control_AWADDR   |   in|    4|       s_axi|         control|   return void|
|s_axi_control_WVALID   |   in|    1|       s_axi|         control|   return void|
|s_axi_control_WREADY   |  out|    1|       s_axi|         control|   return void|
|s_axi_control_WDATA    |   in|   32|       s_axi|         control|   return void|
|s_axi_control_WSTRB    |   in|    4|       s_axi|         control|   return void|
|s_axi_control_ARVALID  |   in|    1|       s_axi|         control|   return void|
|s_axi_control_ARREADY  |  out|    1|       s_axi|         control|   return void|
|s_axi_control_ARADDR   |   in|    4|       s_axi|         control|   return void|
|s_axi_control_RVALID   |  out|    1|       s_axi|         control|   return void|
|s_axi_control_RREADY   |   in|    1|       s_axi|         control|   return void|
|s_axi_control_RDATA    |  out|   32|       s_axi|         control|   return void|
|s_axi_control_RRESP    |  out|    2|       s_axi|         control|   return void|
|s_axi_control_BVALID   |  out|    1|       s_axi|         control|   return void|
|s_axi_control_BREADY   |   in|    1|       s_axi|         control|   return void|
|s_axi_control_BRESP    |  out|    2|       s_axi|         control|   return void|
|ap_clk                 |   in|    1|  ap_ctrl_hs|        fir_bw64|  return value|
|ap_rst_n               |   in|    1|  ap_ctrl_hs|        fir_bw64|  return value|
|interrupt              |  out|    1|  ap_ctrl_hs|        fir_bw64|  return value|
|s_in_TDATA             |   in|   64|        axis|   s_in_V_data_V|       pointer|
|s_in_TVALID            |   in|    1|        axis|   s_in_V_last_V|       pointer|
|s_in_TREADY            |  out|    1|        axis|   s_in_V_last_V|       pointer|
|s_in_TLAST             |   in|    1|        axis|   s_in_V_last_V|       pointer|
|s_in_TKEEP             |   in|    8|        axis|   s_in_V_keep_V|       pointer|
|s_in_TSTRB             |   in|    8|        axis|   s_in_V_strb_V|       pointer|
|m_out_TDATA            |  out|   64|        axis|  m_out_V_data_V|       pointer|
|m_out_TVALID           |  out|    1|        axis|  m_out_V_last_V|       pointer|
|m_out_TREADY           |   in|    1|        axis|  m_out_V_last_V|       pointer|
|m_out_TLAST            |  out|    1|        axis|  m_out_V_last_V|       pointer|
|m_out_TKEEP            |  out|    8|        axis|  m_out_V_keep_V|       pointer|
|m_out_TSTRB            |  out|    8|        axis|  m_out_V_strb_V|       pointer|
+-----------------------+-----+-----+------------+----------------+--------------+

