

Implementation tool: Xilinx Vivado v.2025.1
Project:             prj_csynth_w64
Solution:            solution1
Device target:       xc7z020-clg400-1
Report date:         Tue Oct 06 13:30:14 -0400 2026

#=== Post-Implementation Resource usage ===
SLICE:         2036
LUT:           4846
FF:            4477
DSP:            128
BRAM:             0
URAM:             0
LATCH:            0
SRL:              7
CLB:              0

#=== Final timing ===
CP required:                     10.000
CP achieved post-synthesis:      6.641
CP achieved post-implementation: 9.623
Timing met
